function__entry:call_stack.py:start:__main__
function__entry:call_stack.py:function_1:__main__
function__return:call_stack.py:function_1:__main__
function__entry:call_stack.py:function_2:__main__
function__entry:call_stack.py:function_1:__main__
function__return:call_stack.py:function_1:__main__
function__return:call_stack.py:function_2:__main__
function__entry:call_stack.py:function_3:__main__
function__return:call_stack.py:function_3:__main__
function__entry:call_stack.py:function_4:__main__
function__return:call_stack.py:function_4:__main__
function__entry:call_stack.py:function_5:__main__
function__return:call_stack.py:function_5:__main__
function__return:call_stack.py:start:__main__
